// Jest Snapshot v1, https://goo.gl/fbAQLP

exports[`AppRoot match snapshot with default props 1`] = `
<AppRootComponent
  isLoggedIn={true}
/>
`;
