// Jest Snapshot v1, https://goo.gl/fbAQLP

exports[`MovieCard matches snapshot 1`] = `
<Card
  actions={null}
  className="top-margin"
  cover={
    <img
      alt="example"
      src="https://image.tmdb.org/t/p/w500/test"
    />
  }
  hoverable={true}
>
  <Meta
    description="test"
    title="test"
  />
</Card>
`;
