// Jest Snapshot v1, https://goo.gl/fbAQLP

exports[`ListContentComponent matches snapshot 1`] = `
<Fragment>
  <Row>
    <Col
      offset={2}
      span={20}
    >
      <div
        className="top-margin"
      >
        <Title>
          test
           
          <ForwardRef(MinusCircleOutlined) />
        </Title>
      </div>
    </Col>
  </Row>
  <RenderCtrl
    isEmpty={false}
    isLoading={false}
    renderEmpty={
      <EmptyState
        title="test"
      />
    }
    renderList={<withRouter(Connect(ListMovies)) />}
    renderLoading={<Loader />}
  />
</Fragment>
`;
