// Jest Snapshot v1, https://goo.gl/fbAQLP

exports[`EmptyState matches snapshot 1`] = `
<div
  className="top-margin"
>
  <Empty
    description="test"
    image={<Simple />}
  />
</div>
`;
