// Jest Snapshot v1, https://goo.gl/fbAQLP

exports[`LoginPage matches snapshot 1`] = `
<Formik
  handleSubmit={[Function]}
  initialValues={
    Object {
      "password": "",
      "username": "",
    }
  }
  onSubmit={[Function]}
  validationSchema={[Function]}
>
  <Component />
</Formik>
`;
