// Jest Snapshot v1, https://goo.gl/fbAQLP

exports[`ListContent matches snapshot 1`] = `
<PrivateLayout>
  <Row>
    <Col
      offset={2}
      span={20}
    >
      <div
        className="top-margin"
      >
        <Title>
          test
        </Title>
      </div>
    </Col>
  </Row>
  <RenderCtrl
    isEmpty={false}
    isLoading={true}
    renderEmpty={
      <EmptyState
        title="test"
      />
    }
    renderList={<Component />}
    renderLoading={<Loader />}
  />
</PrivateLayout>
`;
