// Jest Snapshot v1, https://goo.gl/fbAQLP

exports[`RenderCtrl when isEmpty true matches snapshot 1`] = `<Element />`;

exports[`RenderCtrl when isLoading true matches snapshot 1`] = `<Element />`;

exports[`RenderCtrl with default props matches snapshot 1`] = `<Element />`;
