// Jest Snapshot v1, https://goo.gl/fbAQLP

exports[`Input component matches snapshot matches snapshot 1`] = `
<Input
  name="test"
  onBlur={[MockFunction]}
  onChange={[MockFunction]}
  placeholder="Test"
  type="text"
  validateStatus="error"
  validationMessage="test"
  value="test"
/>
`;
