// Jest Snapshot v1, https://goo.gl/fbAQLP

exports[`ListMovies matches snapshot 1`] = `
<MoviesList
  actions={null}
  movies={
    Array [
      Object {
        "id": 1,
        "original_title": "test",
      },
    ]
  }
  total={1}
/>
`;
