// Jest Snapshot v1, https://goo.gl/fbAQLP

exports[`check root reducer matches snapshot 1`] = `[Function]`;
