// Jest Snapshot v1, https://goo.gl/fbAQLP

exports[`check http client make get request check cookies interceptor 1`] = `Promise {}`;

exports[`check http client make get request success response 1`] = `[Function]`;
