// Jest Snapshot v1, https://goo.gl/fbAQLP

exports[`DashboardMovies matches snapshot 1`] = `
<MoviesList
  actions={null}
  movies={
    Array [
      Object {
        "description": "test",
        "id": 1,
        "name": "test",
      },
    ]
  }
  total={1}
/>
`;
