// Jest Snapshot v1, https://goo.gl/fbAQLP

exports[`PrivateLayout matches snapshot 1`] = `
<Layout>
  <Header />
  <Content>
    Test
  </Content>
</Layout>
`;
