// Jest Snapshot v1, https://goo.gl/fbAQLP

exports[`SearchForm matches snapshot 1`] = `
<SearchFormComponent
  handleReset={[Function]}
  handleSubmit={[Function]}
  isLoading={false}
/>
`;
